// Jest Snapshot v1, https://goo.gl/fbAQLP

exports[`render spinner component 1`] = `
<div
  className="loader"
/>
`;
