// Jest Snapshot v1, https://goo.gl/fbAQLP

exports[`render App component 1`] = `
<section
  className="panel"
>
  Rendered
</section>
`;
